  Determining projects to restore...
  All projects are up-to-date for restore.
  SysOpsServices.Domain -> C:\Users\morda\Downloads\SysOpsServices_API\src\SysOpsServices.Domain\bin\Debug\net10.0\SysOpsServices.Domain.dll
  SysOpsServices.Application -> C:\Users\morda\Downloads\SysOpsServices_API\src\SysOpsServices.Application\bin\Debug\net10.0\SysOpsServices.Application.dll
  SysOpsServices.Infrastructure -> C:\Users\morda\Downloads\SysOpsServices_API\src\SysOpsServices.Infrastructure\bin\Debug\net10.0\SysOpsServices.Infrastructure.dll
  SysOpsServices.Api -> C:\Users\morda\Downloads\SysOpsServices_API\src\SysOpsServices.Api\bin\Debug\net10.0\SysOpsServices.Api.dll

Build succeeded.
    0 Warning(s)
    0 Error(s)

Time Elapsed 00:00:01.61
